
> dms-frontend@0.0.0 build
> ng build

node.exe : - Building...
At C:\Program 
Files\nodejs\npm.ps1:29 
char:3
+   & $NODE_EXE 
$NPM_CLI_JS $args
+   ~~~~~~~~~~~~~~~~~~~~~~
~~~~~~~
    + CategoryInfo        
      : NotSpecified: (-  
   Building...:String)    
 [], RemoteException
    + FullyQualifiedError 
   Id : NativeCommandErr  
  or
 

Application bundle generation failed. [17.878 seconds]

X [ERROR] TS2307: Cannot 
find module '../../../core
/auth/auth.service' or 
its corresponding type 
declarations. [plugin 
angular-compiler]

    src/app/modules/servic
e/components/service-booki
ng-form/service-booking-fo
rm.component.ts:6:28:
      6 Γöé import { 
AuthService } from '../../
../core/auth/auth.service'
;
        Γò╡               
              ~~~~~~~~~~~~
~~~~~~~~~~~~~~~~~~~~~


X [ERROR] TS-992003: No 
suitable injection token 
for parameter 
'authService' of class 'Se
rviceBookingFormComponent'
.
  Consider using the 
@Inject decorator to 
specify an injection 
token. [plugin 
angular-compiler]

    src/app/modules/servic
e/components/service-booki
ng-form/service-booking-fo
rm.component.ts:32:12:
      32 Γöé     private 
authService: AuthService
         Γò╡             
~~~~~~~~~~~

  This type does not have 
a value, so it cannot be 
used as injection token.

    src/app/modules/servic
e/components/service-booki
ng-form/service-booking-fo
rm.component.ts:32:25:
      32 Γöé     private 
authService: AuthService
         Γò╡              
            ~~~~~~~~~~~


X [ERROR] TS2307: Cannot 
find module '../../../core
/auth/auth.service' or 
its corresponding type 
declarations. [plugin 
angular-compiler]

    src/app/modules/servic
e/components/service-booki
ng-list/service-booking-li
st.component.ts:9:28:
      9 Γöé import { 
AuthService } from '../../
../core/auth/auth.service'
;
        Γò╡               
              ~~~~~~~~~~~~
~~~~~~~~~~~~~~~~~~~~~


X [ERROR] TS-992003: No 
suitable injection token 
for parameter 
'authService' of class 'Se
rviceBookingListComponent'
.
  Consider using the 
@Inject decorator to 
specify an injection 
token. [plugin 
angular-compiler]

    src/app/modules/servic
e/components/service-booki
ng-list/service-booking-li
st.component.ts:29:12:
      29 Γöé     private 
authService: AuthService
         Γò╡             
~~~~~~~~~~~

  This type does not have 
a value, so it cannot be 
used as injection token.

    src/app/modules/servic
e/components/service-booki
ng-list/service-booking-li
st.component.ts:29:25:
      29 Γöé     private 
authService: AuthService
         Γò╡              
            ~~~~~~~~~~~


X [ERROR] TS2307: Cannot 
find module '../../../core
/auth/auth.service' or 
its corresponding type 
declarations. [plugin 
angular-compiler]

    src/app/modules/servic
e/components/service-recor
d-form/service-record-form
.component.ts:6:28:
      6 Γöé import { 
AuthService } from '../../
../core/auth/auth.service'
;
        Γò╡               
              ~~~~~~~~~~~~
~~~~~~~~~~~~~~~~~~~~~


X [ERROR] TS-992003: No 
suitable injection token 
for parameter 
'authService' of class 'Se
rviceRecordFormComponent'.
  Consider using the 
@Inject decorator to 
specify an injection 
token. [plugin 
angular-compiler]

    src/app/modules/servic
e/components/service-recor
d-form/service-record-form
.component.ts:28:12:
      28 Γöé     private 
authService: AuthService
         Γò╡             
~~~~~~~~~~~

  This type does not have 
a value, so it cannot be 
used as injection token.

    src/app/modules/servic
e/components/service-recor
d-form/service-record-form
.component.ts:28:25:
      28 Γöé     private 
authService: AuthService
         Γò╡              
            ~~~~~~~~~~~


X [ERROR] TS2307: Cannot 
find module '../../../core
/auth/auth.service' or 
its corresponding type 
declarations. [plugin 
angular-compiler]

    src/app/modules/servic
e/components/service-recor
d-list/service-record-list
.component.ts:9:28:
      9 Γöé import { 
AuthService } from '../../
../core/auth/auth.service'
;
        Γò╡               
              ~~~~~~~~~~~~
~~~~~~~~~~~~~~~~~~~~~


X [ERROR] TS-992003: No 
suitable injection token 
for parameter 
'authService' of class 'Se
rviceRecordListComponent'.
  Consider using the 
@Inject decorator to 
specify an injection 
token. [plugin 
angular-compiler]

    src/app/modules/servic
e/components/service-recor
d-list/service-record-list
.component.ts:29:12:
      29 Γöé     private 
authService: AuthService
         Γò╡             
~~~~~~~~~~~

  This type does not have 
a value, so it cannot be 
used as injection token.

    src/app/modules/servic
e/components/service-recor
d-list/service-record-list
.component.ts:29:25:
      29 Γöé     private 
authService: AuthService
         Γò╡              
            ~~~~~~~~~~~


X [ERROR] TS-996001: The 
class 'ServiceBookingListC
omponent' is listed in 
the declarations of the 
NgModule 'ServiceModule', 
but is not a directive, a 
component, or a pipe. 
Either remove it from the 
NgModule's declarations, 
or add an appropriate 
Angular decorator. 
[plugin angular-compiler]

    src/app/modules/servic
e/service.module.ts:23:4:
      23 Γöé     ServiceBo
okingListComponent,
         Γò╡     ~~~~~~~~~
~~~~~~~~~~~~~~~~~~

  'ServiceBookingListCompo
nent' is declared here.

    src/app/modules/servic
e/components/service-booki
ng-list/service-booking-li
st.component.ts:16:13:
      16 Γöé export class 
ServiceBookingListComponen
t implements OnInit {
         Γò╡              
~~~~~~~~~~~~~~~~~~~~~~~~~~
~


X [ERROR] TS-996001: The 
class 'ServiceBookingFormC
omponent' is listed in 
the declarations of the 
NgModule 'ServiceModule', 
but is not a directive, a 
component, or a pipe. 
Either remove it from the 
NgModule's declarations, 
or add an appropriate 
Angular decorator. 
[plugin angular-compiler]

    src/app/modules/servic
e/service.module.ts:24:4:
      24 Γöé     ServiceBo
okingFormComponent,
         Γò╡     ~~~~~~~~~
~~~~~~~~~~~~~~~~~~

  'ServiceBookingFormCompo
nent' is declared here.

    src/app/modules/servic
e/components/service-booki
ng-form/service-booking-fo
rm.component.ts:13:13:
      13 Γöé export class 
ServiceBookingFormComponen
t implements OnInit {
         Γò╡              
~~~~~~~~~~~~~~~~~~~~~~~~~~
~


X [ERROR] TS-996001: The 
class 'ServiceRecordListCo
mponent' is listed in the 
declarations of the 
NgModule 'ServiceModule', 
but is not a directive, a 
component, or a pipe. 
Either remove it from the 
NgModule's declarations, 
or add an appropriate 
Angular decorator. 
[plugin angular-compiler]

    src/app/modules/servic
e/service.module.ts:25:4:
      25 Γöé     ServiceRe
cordListComponent,
         Γò╡     
~~~~~~~~~~~~~~~~~~~~~~~~~~

  'ServiceRecordListCompon
ent' is declared here.

    src/app/modules/servic
e/components/service-recor
d-list/service-record-list
.component.ts:16:13:
      16 Γöé export class 
ServiceRecordListComponent
 implements OnInit {
         Γò╡              
~~~~~~~~~~~~~~~~~~~~~~~~~~


X [ERROR] TS-996001: The 
class 'ServiceRecordFormCo
mponent' is listed in the 
declarations of the 
NgModule 'ServiceModule', 
but is not a directive, a 
component, or a pipe. 
Either remove it from the 
NgModule's declarations, 
or add an appropriate 
Angular decorator. 
[plugin angular-compiler]

    src/app/modules/servic
e/service.module.ts:26:4:
      26 Γöé     
ServiceRecordFormComponent
         Γò╡     
~~~~~~~~~~~~~~~~~~~~~~~~~~

  'ServiceRecordFormCompon
ent' is declared here.

    src/app/modules/servic
e/components/service-recor
d-form/service-record-form
.component.ts:13:13:
      13 Γöé export class 
ServiceRecordFormComponent
 implements OnInit {
         Γò╡              
~~~~~~~~~~~~~~~~~~~~~~~~~~


X [ERROR] TS2307: Cannot 
find module '../../../../e
nvironments/environment' 
or its corresponding type 
declarations. [plugin 
angular-compiler]

    src/app/modules/servic
e/services/service-api.ser
vice.ts:4:28:
      4 Γöé import { 
environment } from '../../
../../environments/environ
ment';
        Γò╡               
              ~~~~~~~~~~~~
~~~~~~~~~~~~~~~~~~~~~~~~~~


