
target\surefire-reports\co
m.hyundai.dms.module.inven
tory.InventoryIntegrationT
est.txt:4:Tests run: 4, 
Failures: 1, Errors: 0, 
Skipped: 0, Time elapsed: 
5.136 s <<< FAILURE! -- 
in com.hyundai.dms.module.
inventory.InventoryIntegra
tionTest
target\surefire-reports\co
m.hyundai.dms.module.inven
tory.InventoryIntegrationT
est.txt:5:com.hyundai.dms.
module.inventory.Inventory
IntegrationTest.createVehi
cle -- Time elapsed: 
0.310 s <<< FAILURE!


