[INFO] Scanning for projects...
[INFO] 
[INFO] --------------------------< com.hyundai:dms >---------------------------
[INFO] Building Hyundai Dealer Management System 1.0.0-SNAPSHOT
[INFO]   from pom.xml
[INFO] --------------------------------[ jar ]---------------------------------
[INFO] 
[INFO] --- resources:3.3.1:resources (default-resources) @ dms ---
[INFO] Copying 2 resources from src\main\resources to target\classes
[INFO] Copying 20 resources from src\main\resources to target\classes
[INFO] 
[INFO] --- compiler:3.13.0:compile (default-compile) @ dms ---
[INFO] Recompiling the module because of changed source code.
[INFO] Compiling 221 source files with javac [debug parameters release 21] to target\classes
[INFO] -------------------------------------------------------------
[WARNING] COMPILATION WARNING : 
[INFO] -------------------------------------------------------------
[WARNING] /C:/Users/Lenovo/Desktop/comprehensive-inventory-management-main/backend/src/main/java/com/hyundai/dms/module/user/dto/CreateUserRequest.java:[35,21] @Builder will ignore the initializing expression entirely. If you want the initializing expression to serve as default, add @Builder.Default. If it is not supposed to be settable during building, make the field final.
[WARNING] /C:/Users/Lenovo/Desktop/comprehensive-inventory-management-main/backend/src/main/java/com/hyundai/dms/module/user/dto/CreateMenuRequest.java:[22,21] @Builder will ignore the initializing expression entirely. If you want the initializing expression to serve as default, add @Builder.Default. If it is not supposed to be settable during building, make the field final.
[WARNING] /C:/Users/Lenovo/Desktop/comprehensive-inventory-management-main/backend/src/main/java/com/hyundai/dms/module/service/mapper/ServiceRecordMapper.java:[26,19] Unmapped target property: "version".
[WARNING] /C:/Users/Lenovo/Desktop/comprehensive-inventory-management-main/backend/src/main/java/com/hyundai/dms/module/testdrive/mapper/TestDriveFleetMapper.java:[16,20] Unmapped target property: "version".
[WARNING] /C:/Users/Lenovo/Desktop/comprehensive-inventory-management-main/backend/src/main/java/com/hyundai/dms/module/testdrive/mapper/TestDriveBookingMapper.java:[24,22] Unmapped target property: "version".
[WARNING] /C:/Users/Lenovo/Desktop/comprehensive-inventory-management-main/backend/src/main/java/com/hyundai/dms/module/service/mapper/ServiceBookingMapper.java:[29,20] Unmapped target property: "version".
[INFO] 6 warnings 
[INFO] -------------------------------------------------------------
[INFO] -------------------------------------------------------------
[ERROR] COMPILATION ERROR : 
[INFO] -------------------------------------------------------------
[ERROR] /C:/Users/Lenovo/Desktop/comprehensive-inventory-management-main/backend/src/main/java/com/hyundai/dms/module/inventory/mapper/PdiMapper.java:[3,44] cannot find symbol
  symbol:   class PdiChecklistDto
  location: package com.hyundai.dms.module.inventory.dto
[ERROR] /C:/Users/Lenovo/Desktop/comprehensive-inventory-management-main/backend/src/main/java/com/hyundai/dms/module/inventory/mapper/PdiMapper.java:[4,44] cannot find symbol
  symbol:   class PdiChecklistItemDto
  location: package com.hyundai.dms.module.inventory.dto
[ERROR] /C:/Users/Lenovo/Desktop/comprehensive-inventory-management-main/backend/src/main/java/com/hyundai/dms/module/inventory/mapper/PdiMapper.java:[5,47] cannot find symbol
  symbol:   class PdiChecklist
  location: package com.hyundai.dms.module.inventory.entity
[ERROR] /C:/Users/Lenovo/Desktop/comprehensive-inventory-management-main/backend/src/main/java/com/hyundai/dms/module/inventory/mapper/PdiMapper.java:[6,47] cannot find symbol
  symbol:   class PdiChecklistItem
  location: package com.hyundai.dms.module.inventory.entity
[ERROR] /C:/Users/Lenovo/Desktop/comprehensive-inventory-management-main/backend/src/main/java/com/hyundai/dms/module/inventory/mapper/PdiMapper.java:[23,27] cannot find symbol
  symbol:   class PdiChecklist
  location: interface com.hyundai.dms.module.inventory.mapper.PdiMapper
[ERROR] /C:/Users/Lenovo/Desktop/comprehensive-inventory-management-main/backend/src/main/java/com/hyundai/dms/module/inventory/mapper/PdiMapper.java:[23,5] cannot find symbol
  symbol:   class PdiChecklistDto
  location: interface com.hyundai.dms.module.inventory.mapper.PdiMapper
[ERROR] /C:/Users/Lenovo/Desktop/comprehensive-inventory-management-main/backend/src/main/java/com/hyundai/dms/module/inventory/mapper/PdiMapper.java:[26,35] cannot find symbol
  symbol:   class PdiChecklistItem
  location: interface com.hyundai.dms.module.inventory.mapper.PdiMapper
[ERROR] /C:/Users/Lenovo/Desktop/comprehensive-inventory-management-main/backend/src/main/java/com/hyundai/dms/module/inventory/mapper/PdiMapper.java:[26,5] cannot find symbol
  symbol:   class PdiChecklistItemDto
  location: interface com.hyundai.dms.module.inventory.mapper.PdiMapper
[ERROR] /C:/Users/Lenovo/Desktop/comprehensive-inventory-management-main/backend/src/main/java/com/hyundai/dms/module/inventory/mapper/PdiMapper.java:[28,50] cannot find symbol
  symbol:   class PdiChecklistItem
  location: interface com.hyundai.dms.module.inventory.mapper.PdiMapper
[ERROR] /C:/Users/Lenovo/Desktop/comprehensive-inventory-management-main/backend/src/main/java/com/hyundai/dms/module/inventory/mapper/PdiMapper.java:[28,10] cannot find symbol
  symbol:   class PdiChecklistItemDto
  location: interface com.hyundai.dms.module.inventory.mapper.PdiMapper
[ERROR] /C:/Users/Lenovo/Desktop/comprehensive-inventory-management-main/backend/src/main/java/com/hyundai/dms/module/inventory/mapper/PdiMapper.java:[14,8] No implementation was created for PdiMapper due to having a problem in the erroneous element PdiChecklist. Hint: this often means that some other annotation processor was supposed to process the erroneous element. You can also enable MapStruct verbose mode by setting -Amapstruct.verbose=true as a compilation argument.
[INFO] 11 errors 
[INFO] -------------------------------------------------------------
[INFO] ------------------------------------------------------------------------
[INFO] BUILD FAILURE
[INFO] ------------------------------------------------------------------------
[INFO] Total time:  21.479 s
[INFO] Finished at: 2026-04-02T00:25:56+05:30
[INFO] ------------------------------------------------------------------------
[ERROR] Failed to execute goal org.apache.maven.plugins:maven-compiler-plugin:3.13.0:compile (default-compile) on project dms: Compilation failure: Compilation failure: 
[ERROR] /C:/Users/Lenovo/Desktop/comprehensive-inventory-management-main/backend/src/main/java/com/hyundai/dms/module/inventory/mapper/PdiMapper.java:[3,44] cannot find symbol
[ERROR]   symbol:   class PdiChecklistDto
[ERROR]   location: package com.hyundai.dms.module.inventory.dto
[ERROR] /C:/Users/Lenovo/Desktop/comprehensive-inventory-management-main/backend/src/main/java/com/hyundai/dms/module/inventory/mapper/PdiMapper.java:[4,44] cannot find symbol
[ERROR]   symbol:   class PdiChecklistItemDto
[ERROR]   location: package com.hyundai.dms.module.inventory.dto
[ERROR] /C:/Users/Lenovo/Desktop/comprehensive-inventory-management-main/backend/src/main/java/com/hyundai/dms/module/inventory/mapper/PdiMapper.java:[5,47] cannot find symbol
[ERROR]   symbol:   class PdiChecklist
[ERROR]   location: package com.hyundai.dms.module.inventory.entity
[ERROR] /C:/Users/Lenovo/Desktop/comprehensive-inventory-management-main/backend/src/main/java/com/hyundai/dms/module/inventory/mapper/PdiMapper.java:[6,47] cannot find symbol
[ERROR]   symbol:   class PdiChecklistItem
[ERROR]   location: package com.hyundai.dms.module.inventory.entity
[ERROR] /C:/Users/Lenovo/Desktop/comprehensive-inventory-management-main/backend/src/main/java/com/hyundai/dms/module/inventory/mapper/PdiMapper.java:[23,27] cannot find symbol
[ERROR]   symbol:   class PdiChecklist
[ERROR]   location: interface com.hyundai.dms.module.inventory.mapper.PdiMapper
[ERROR] /C:/Users/Lenovo/Desktop/comprehensive-inventory-management-main/backend/src/main/java/com/hyundai/dms/module/inventory/mapper/PdiMapper.java:[23,5] cannot find symbol
[ERROR]   symbol:   class PdiChecklistDto
[ERROR]   location: interface com.hyundai.dms.module.inventory.mapper.PdiMapper
[ERROR] /C:/Users/Lenovo/Desktop/comprehensive-inventory-management-main/backend/src/main/java/com/hyundai/dms/module/inventory/mapper/PdiMapper.java:[26,35] cannot find symbol
[ERROR]   symbol:   class PdiChecklistItem
[ERROR]   location: interface com.hyundai.dms.module.inventory.mapper.PdiMapper
[ERROR] /C:/Users/Lenovo/Desktop/comprehensive-inventory-management-main/backend/src/main/java/com/hyundai/dms/module/inventory/mapper/PdiMapper.java:[26,5] cannot find symbol
[ERROR]   symbol:   class PdiChecklistItemDto
[ERROR]   location: interface com.hyundai.dms.module.inventory.mapper.PdiMapper
[ERROR] /C:/Users/Lenovo/Desktop/comprehensive-inventory-management-main/backend/src/main/java/com/hyundai/dms/module/inventory/mapper/PdiMapper.java:[28,50] cannot find symbol
[ERROR]   symbol:   class PdiChecklistItem
[ERROR]   location: interface com.hyundai.dms.module.inventory.mapper.PdiMapper
[ERROR] /C:/Users/Lenovo/Desktop/comprehensive-inventory-management-main/backend/src/main/java/com/hyundai/dms/module/inventory/mapper/PdiMapper.java:[28,10] cannot find symbol
[ERROR]   symbol:   class PdiChecklistItemDto
[ERROR]   location: interface com.hyundai.dms.module.inventory.mapper.PdiMapper
[ERROR] /C:/Users/Lenovo/Desktop/comprehensive-inventory-management-main/backend/src/main/java/com/hyundai/dms/module/inventory/mapper/PdiMapper.java:[14,8] No implementation was created for PdiMapper due to having a problem in the erroneous element PdiChecklist. Hint: this often means that some other annotation processor was supposed to process the erroneous element. You can also enable MapStruct verbose mode by setting -Amapstruct.verbose=true as a compilation argument.
[ERROR] -> [Help 1]
[ERROR] 
[ERROR] To see the full stack trace of the errors, re-run Maven with the -e switch.
[ERROR] Re-run Maven using the -X switch to enable full debug logging.
[ERROR] 
[ERROR] For more information about the errors and possible solutions, please read the following articles:
[ERROR] [Help 1] http://cwiki.apache.org/confluence/display/MAVEN/MojoFailureException
