[INFO] Scanning for projects...
[INFO] 
[INFO] --------------------------< com.hyundai:dms >---------------------------
[INFO] Building Hyundai Dealer Management System 1.0.0-SNAPSHOT
[INFO]   from pom.xml
[INFO] --------------------------------[ jar ]---------------------------------
[INFO] 
[INFO] --- resources:3.3.1:resources (default-resources) @ dms ---
[INFO] Copying 2 resources from src\main\resources to target\classes
[INFO] Copying 17 resources from src\main\resources to target\classes
[INFO] 
[INFO] --- compiler:3.13.0:compile (default-compile) @ dms ---
[INFO] Recompiling the module because of changed source code.
[INFO] Compiling 229 source files with javac [debug parameters release 21] to target\classes
[INFO] /C:/Users/Lenovo/Desktop/comprehensive-inventory-management-main/backend/src/main/java/com/hyundai/dms/common/filter/SpecificationBuilder.java: C:\Users\Lenovo\Desktop\comprehensive-inventory-management-main\backend\src\main\java\com\hyundai\dms\common\filter\SpecificationBuilder.java uses unchecked or unsafe operations.
[INFO] /C:/Users/Lenovo/Desktop/comprehensive-inventory-management-main/backend/src/main/java/com/hyundai/dms/common/filter/SpecificationBuilder.java: Recompile with -Xlint:unchecked for details.
[INFO] -------------------------------------------------------------
[WARNING] COMPILATION WARNING : 
[INFO] -------------------------------------------------------------
[WARNING] /C:/Users/Lenovo/Desktop/comprehensive-inventory-management-main/backend/src/main/java/com/hyundai/dms/module/user/dto/CreateUserRequest.java:[35,21] @Builder will ignore the initializing expression entirely. If you want the initializing expression to serve as default, add @Builder.Default. If it is not supposed to be settable during building, make the field final.
[WARNING] /C:/Users/Lenovo/Desktop/comprehensive-inventory-management-main/backend/src/main/java/com/hyundai/dms/module/user/dto/CreateMenuRequest.java:[22,21] @Builder will ignore the initializing expression entirely. If you want the initializing expression to serve as default, add @Builder.Default. If it is not supposed to be settable during building, make the field final.
[WARNING] /C:/Users/Lenovo/Desktop/comprehensive-inventory-management-main/backend/src/main/java/com/hyundai/dms/module/service/mapper/ServiceBookingMapper.java:[29,20] Unmapped target property: "version".
[WARNING] /C:/Users/Lenovo/Desktop/comprehensive-inventory-management-main/backend/src/main/java/com/hyundai/dms/module/testdrive/mapper/TestDriveBookingMapper.java:[24,22] Unmapped target property: "version".
[WARNING] /C:/Users/Lenovo/Desktop/comprehensive-inventory-management-main/backend/src/main/java/com/hyundai/dms/module/testdrive/mapper/TestDriveFleetMapper.java:[16,20] Unmapped target property: "version".
[WARNING] /C:/Users/Lenovo/Desktop/comprehensive-inventory-management-main/backend/src/main/java/com/hyundai/dms/module/service/mapper/ServiceRecordMapper.java:[26,19] Unmapped target property: "version".
[INFO] 6 warnings 
[INFO] -------------------------------------------------------------
[INFO] -------------------------------------------------------------
[ERROR] COMPILATION ERROR : 
[INFO] -------------------------------------------------------------
[ERROR] /C:/Users/Lenovo/Desktop/comprehensive-inventory-management-main/backend/src/main/java/com/hyundai/dms/module/inventory/scheduler/StockAgeingScheduler.java:[50,32] method sendToRole in class com.hyundai.dms.module.notification.service.NotificationService cannot be applied to given types;
  required: com.hyundai.dms.common.enums.RoleName,com.hyundai.dms.module.notification.dto.NotificationDto,java.lang.Long
  found:    com.hyundai.dms.common.enums.RoleName,com.hyundai.dms.module.notification.dto.NotificationDto
  reason: actual and formal argument lists differ in length
[INFO] 1 error
[INFO] -------------------------------------------------------------
[INFO] ------------------------------------------------------------------------
[INFO] BUILD FAILURE
[INFO] ------------------------------------------------------------------------
[INFO] Total time:  18.870 s
[INFO] Finished at: 2026-03-29T18:45:50+05:30
[INFO] ------------------------------------------------------------------------
[ERROR] Failed to execute goal org.apache.maven.plugins:maven-compiler-plugin:3.13.0:compile (default-compile) on project dms: Compilation failure
[ERROR] /C:/Users/Lenovo/Desktop/comprehensive-inventory-management-main/backend/src/main/java/com/hyundai/dms/module/inventory/scheduler/StockAgeingScheduler.java:[50,32] method sendToRole in class com.hyundai.dms.module.notification.service.NotificationService cannot be applied to given types;
[ERROR]   required: com.hyundai.dms.common.enums.RoleName,com.hyundai.dms.module.notification.dto.NotificationDto,java.lang.Long
[ERROR]   found:    com.hyundai.dms.common.enums.RoleName,com.hyundai.dms.module.notification.dto.NotificationDto
[ERROR]   reason: actual and formal argument lists differ in length
[ERROR] 
[ERROR] -> [Help 1]
[ERROR] 
[ERROR] To see the full stack trace of the errors, re-run Maven with the -e switch.
[ERROR] Re-run Maven using the -X switch to enable full debug logging.
[ERROR] 
[ERROR] For more information about the errors and possible solutions, please read the following articles:
[ERROR] [Help 1] http://cwiki.apache.org/confluence/display/MAVEN/MojoFailureException
