[INFO] Scanning for projects...
[INFO] 
[INFO] --------------------------< com.hyundai:dms >---------------------------
[INFO] Building Hyundai Dealer Management System 1.0.0-SNAPSHOT
[INFO]   from pom.xml
[INFO] --------------------------------[ jar ]---------------------------------
[INFO] 
[INFO] --- resources:3.3.1:resources (default-resources) @ dms ---
[INFO] Copying 2 resources from src\main\resources to target\classes
[INFO] Copying 15 resources from src\main\resources to target\classes
[INFO] 
[INFO] --- compiler:3.13.0:compile (default-compile) @ dms ---
[INFO] Nothing to compile - all classes are up to date.
[INFO] 
[INFO] --- resources:3.3.1:testResources (default-testResources) @ dms ---
[INFO] Copying 2 resources from src\test\resources to target\test-classes
[INFO] 
[INFO] --- compiler:3.13.0:testCompile (default-testCompile) @ dms ---
[INFO] Nothing to compile - all classes are up to date.
[INFO] 
[INFO] --- surefire:3.2.5:test (default-test) @ dms ---
[INFO] Using auto detected provider org.apache.maven.surefire.junitplatform.JUnitPlatformProvider
Downloading from central: https://repo.maven.apache.org/maven2/org/apache/maven/surefire/surefire-junit-platform/3.2.5/surefire-junit-platform-3.2.5.pom
Progress (1): 846 B
Progress (1): 2.6 kB
Progress (1): 4.7 kB
                    
Downloaded from central: https://repo.maven.apache.org/maven2/org/apache/maven/surefire/surefire-junit-platform/3.2.5/surefire-junit-platform-3.2.5.pom (4.7 kB at 5.9 kB/s)
Downloading from central: https://repo.maven.apache.org/maven2/org/apache/maven/surefire/surefire-providers/3.2.5/surefire-providers-3.2.5.pom
Progress (1): 849 B
Progress (1): 2.2 kB
Progress (1): 2.6 kB
                    
Downloaded from central: https://repo.maven.apache.org/maven2/org/apache/maven/surefire/surefire-providers/3.2.5/surefire-providers-3.2.5.pom (2.6 kB at 45 kB/s)
Downloading from central: https://repo.maven.apache.org/maven2/org/apache/maven/surefire/common-java5/3.2.5/common-java5-3.2.5.pom
Progress (1): 849 B
Progress (1): 2.0 kB
Progress (1): 2.8 kB
                    
Downloaded from central: https://repo.maven.apache.org/maven2/org/apache/maven/surefire/common-java5/3.2.5/common-java5-3.2.5.pom (2.8 kB at 47 kB/s)
Downloading from central: https://repo.maven.apache.org/maven2/org/junit/platform/junit-platform-launcher/1.9.3/junit-platform-launcher-1.9.3.pom
Progress (1): 966 B
Progress (1): 2.5 kB
Progress (1): 3.0 kB
                    
Downloaded from central: https://repo.maven.apache.org/maven2/org/junit/platform/junit-platform-launcher/1.9.3/junit-platform-launcher-1.9.3.pom (3.0 kB at 51 kB/s)
Downloading from central: https://repo.maven.apache.org/maven2/org/junit/platform/junit-platform-engine/1.9.3/junit-platform-engine-1.9.3.pom
Progress (1): 957 B
Progress (1): 2.5 kB
Progress (1): 3.2 kB
                    
Downloaded from central: https://repo.maven.apache.org/maven2/org/junit/platform/junit-platform-engine/1.9.3/junit-platform-engine-1.9.3.pom (3.2 kB at 45 kB/s)
Downloading from central: https://repo.maven.apache.org/maven2/org/opentest4j/opentest4j/1.2.0/opentest4j-1.2.0.pom
Progress (1): 1.2 kB
Progress (1): 1.7 kB
                    
Downloaded from central: https://repo.maven.apache.org/maven2/org/opentest4j/opentest4j/1.2.0/opentest4j-1.2.0.pom (1.7 kB at 22 kB/s)
Downloading from central: https://repo.maven.apache.org/maven2/org/junit/platform/junit-platform-commons/1.9.3/junit-platform-commons-1.9.3.pom
Progress (1): 971 B
Progress (1): 2.5 kB
Progress (1): 2.8 kB
                    
Downloaded from central: https://repo.maven.apache.org/maven2/org/junit/platform/junit-platform-commons/1.9.3/junit-platform-commons-1.9.3.pom (2.8 kB at 42 kB/s)
Downloading from central: https://repo.maven.apache.org/maven2/org/apache/maven/surefire/surefire-junit-platform/3.2.5/surefire-junit-platform-3.2.5.jar
Progress (1): 0.9/27 kB
Progress (1): 2.3/27 kB
Progress (1): 3.6/27 kB
Progress (1): 5.0/27 kB
Progress (1): 6.4/27 kB
Progress (1): 7.7/27 kB
Progress (1): 9.1/27 kB
Progress (1): 10/27 kB 
Progress (1): 12/27 kB
Progress (1): 12/27 kB
Progress (1): 14/27 kB
Progress (1): 15/27 kB
Progress (1): 16/27 kB
Progress (1): 18/27 kB
Progress (1): 19/27 kB
Progress (1): 21/27 kB
Progress (1): 22/27 kB
Progress (1): 23/27 kB
Progress (1): 25/27 kB
Progress (1): 26/27 kB
Progress (1): 27 kB   
                   
Downloaded from central: https://repo.maven.apache.org/maven2/org/apache/maven/surefire/surefire-junit-platform/3.2.5/surefire-junit-platform-3.2.5.jar (27 kB at 283 kB/s)
Downloading from central: https://repo.maven.apache.org/maven2/org/apache/maven/surefire/common-java5/3.2.5/common-java5-3.2.5.jar
Downloading from central: https://repo.maven.apache.org/maven2/org/junit/platform/junit-platform-launcher/1.9.3/junit-platform-launcher-1.9.3.jar
Downloading from central: https://repo.maven.apache.org/maven2/org/opentest4j/opentest4j/1.2.0/opentest4j-1.2.0.jar
Downloading from central: https://repo.maven.apache.org/maven2/org/junit/platform/junit-platform-engine/1.9.3/junit-platform-engine-1.9.3.jar
Downloading from central: https://repo.maven.apache.org/maven2/org/junit/platform/junit-platform-commons/1.9.3/junit-platform-commons-1.9.3.jar
Progress (1): 0.9/169 kB
Progress (1): 4.1/169 kB
Progress (1): 8.3/169 kB
Progress (1): 13/169 kB 
Progress (1): 17/169 kB
Progress (1): 21/169 kB
Progress (1): 25/169 kB
Progress (1): 29/169 kB
Progress (1): 34/169 kB
Progress (1): 38/169 kB
Progress (1): 42/169 kB
Progress (1): 46/169 kB
Progress (1): 51/169 kB
Progress (1): 55/169 kB
Progress (1): 59/169 kB
Progress (1): 61/169 kB
Progress (1): 66/169 kB
Progress (1): 70/169 kB
Progress (1): 74/169 kB
Progress (1): 78/169 kB
Progress (1): 83/169 kB
Progress (1): 87/169 kB
Progress (1): 91/169 kB
Progress (1): 95/169 kB
Progress (1): 100/169 kB
Progress (1): 104/169 kB
Progress (1): 108/169 kB
Progress (1): 112/169 kB
Progress (1): 116/169 kB
Progress (1): 121/169 kB
Progress (1): 125/169 kB
Progress (1): 129/169 kB
Progress (1): 133/169 kB
Progress (1): 138/169 kB
Progress (1): 142/169 kB
Progress (1): 146/169 kB
Progress (1): 150/169 kB
Progress (1): 154/169 kB
Progress (1): 159/169 kB
Progress (1): 163/169 kB
Progress (1): 167/169 kB
Progress (1): 169 kB    
                    
Downloaded from central: https://repo.maven.apache.org/maven2/org/junit/platform/junit-platform-launcher/1.9.3/junit-platform-launcher-1.9.3.jar (169 kB at 1.2 MB/s)
Progress (1): 0.9/7.7 kB
Progress (1): 2.3/7.7 kB
Progress (1): 3.3/7.7 kB
Progress (2): 3.3/7.7 kB | 0.9/18 kB
Progress (2): 4.7/7.7 kB | 0.9/18 kB
Progress (2): 6.1/7.7 kB | 0.9/18 kB
Progress (2): 6.1/7.7 kB | 2.3/18 kB
Progress (3): 6.1/7.7 kB | 2.3/18 kB | 0.9/189 kB
Progress (3): 6.1/7.7 kB | 3.6/18 kB | 0.9/189 kB
Progress (3): 6.1/7.7 kB | 3.6/18 kB | 2.3/189 kB
Progress (3): 6.1/7.7 kB | 5.0/18 kB | 2.3/189 kB
Progress (3): 6.1/7.7 kB | 5.0/18 kB | 3.6/189 kB
Progress (3): 7.4/7.7 kB | 5.0/18 kB | 3.6/189 kB
Progress (3): 7.4/7.7 kB | 6.4/18 kB | 3.6/189 kB
Progress (3): 7.7 kB | 6.4/18 kB | 3.6/189 kB    
Progress (3): 7.7 kB | 6.4/18 kB | 5.0/189 kB
Progress (3): 7.7 kB | 7.7/18 kB | 5.0/189 kB
Progress (3): 7.7 kB | 9.1/18 kB | 5.0/189 kB
Progress (3): 7.7 kB | 9.1/18 kB | 6.4/189 kB
Progress (3): 7.7 kB | 10/18 kB | 6.4/189 kB 
Progress (3): 7.7 kB | 10/18 kB | 7.7/189 kB
Progress (3): 7.7 kB | 12/18 kB | 7.7/189 kB
Progress (3): 7.7 kB | 13/18 kB | 7.7/189 kB
Progress (3): 7.7 kB | 13/18 kB | 9.1/189 kB
Progress (3): 7.7 kB | 15/18 kB | 9.1/189 kB
Progress (3): 7.7 kB | 15/18 kB | 10/189 kB 
Progress (3): 7.7 kB | 15/18 kB | 12/189 kB
Progress (3): 7.7 kB | 15/18 kB | 12/189 kB
Progress (3): 7.7 kB | 16/18 kB | 12/189 kB
Progress (3): 7.7 kB | 16/18 kB | 14/189 kB
Progress (3): 7.7 kB | 16/18 kB | 15/189 kB
Progress (3): 7.7 kB | 17/18 kB | 15/189 kB
Progress (3): 7.7 kB | 18 kB | 15/189 kB   
Progress (3): 7.7 kB | 18 kB | 16/189 kB
Progress (4): 7.7 kB | 18 kB | 16/189 kB | 0.9/103 kB
Progress (4): 7.7 kB | 18 kB | 18/189 kB | 0.9/103 kB
Progress (4): 7.7 kB | 18 kB | 18/189 kB | 2.3/103 kB
Progress (4): 7.7 kB | 18 kB | 18/189 kB | 3.6/103 kB
Progress (4): 7.7 kB | 18 kB | 18/189 kB | 5.0/103 kB
Progress (4): 7.7 kB | 18 kB | 18/189 kB | 6.4/103 kB
Progress (4): 7.7 kB | 18 kB | 19/189 kB | 6.4/103 kB
Progress (4): 7.7 kB | 18 kB | 19/189 kB | 7.7/103 kB
Progress (4): 7.7 kB | 18 kB | 19/189 kB | 9.1/103 kB
Progress (4): 7.7 kB | 18 kB | 19/189 kB | 10/103 kB 
Progress (4): 7.7 kB | 18 kB | 19/189 kB | 12/103 kB
Progress (4): 7.7 kB | 18 kB | 19/189 kB | 13/103 kB
Progress (4): 7.7 kB | 18 kB | 19/189 kB | 15/103 kB
Progress (4): 7.7 kB | 18 kB | 21/189 kB | 15/103 kB
Progress (4): 7.7 kB | 18 kB | 22/189 kB | 15/103 kB
Progress (4): 7.7 kB | 18 kB | 23/189 kB | 15/103 kB
Progress (4): 7.7 kB | 18 kB | 25/189 kB | 15/103 kB
Progress (4): 7.7 kB | 18 kB | 26/189 kB | 15/103 kB
Progress (4): 7.7 kB | 18 kB | 27/189 kB | 15/103 kB
Progress (4): 7.7 kB | 18 kB | 29/189 kB | 15/103 kB
Progress (4): 7.7 kB | 18 kB | 29/189 kB | 16/103 kB
Progress (4): 7.7 kB | 18 kB | 30/189 kB | 16/103 kB
Progress (4): 7.7 kB | 18 kB | 30/189 kB | 17/103 kB
Progress (4): 7.7 kB | 18 kB | 31/189 kB | 17/103 kB
Progress (4): 7.7 kB | 18 kB | 31/189 kB | 19/103 kB
Progress (4): 7.7 kB | 18 kB | 33/189 kB | 19/103 kB
Progress (4): 7.7 kB | 18 kB | 33/189 kB | 20/103 kB
Progress (4): 7.7 kB | 18 kB | 33/189 kB | 21/103 kB
Progress (4): 7.7 kB | 18 kB | 33/189 kB | 23/103 kB
Progress (4): 7.7 kB | 18 kB | 34/189 kB | 23/103 kB
Progress (4): 7.7 kB | 18 kB | 34/189 kB | 24/103 kB
Progress (4): 7.7 kB | 18 kB | 36/189 kB | 24/103 kB
Progress (4): 7.7 kB | 18 kB | 36/189 kB | 26/103 kB
Progress (4): 7.7 kB | 18 kB | 36/189 kB | 27/103 kB
Progress (4): 7.7 kB | 18 kB | 37/189 kB | 27/103 kB
Progress (4): 7.7 kB | 18 kB | 37/189 kB | 28/103 kB
Progress (4): 7.7 kB | 18 kB | 38/189 kB | 28/103 kB
Progress (4): 7.7 kB | 18 kB | 38/189 kB | 30/103 kB
Progress (4): 7.7 kB | 18 kB | 38/189 kB | 31/103 kB
Progress (4): 7.7 kB | 18 kB | 40/189 kB | 31/103 kB
Progress (4): 7.7 kB | 18 kB | 40/189 kB | 32/103 kB
Progress (4): 7.7 kB | 18 kB | 41/189 kB | 32/103 kB
                                                    
Downloaded from central: https://repo.maven.apache.org/maven2/org/opentest4j/opentest4j/1.2.0/opentest4j-1.2.0.jar (7.7 kB at 38 kB/s)
Progress (3): 18 kB | 42/189 kB | 32/103 kB
Progress (3): 18 kB | 42/189 kB | 34/103 kB
                                           
Downloaded from central: https://repo.maven.apache.org/maven2/org/apache/maven/surefire/common-java5/3.2.5/common-java5-3.2.5.jar (18 kB at 85 kB/s)
Progress (2): 44/189 kB | 34/103 kB
Progress (2): 44/189 kB | 35/103 kB
Progress (2): 44/189 kB | 36/103 kB
Progress (2): 45/189 kB | 36/103 kB
Progress (2): 47/189 kB | 36/103 kB
Progress (2): 47/189 kB | 38/103 kB
Progress (2): 47/189 kB | 39/103 kB
Progress (2): 48/189 kB | 39/103 kB
Progress (2): 48/189 kB | 41/103 kB
Progress (2): 49/189 kB | 41/103 kB
Progress (2): 49/189 kB | 42/103 kB
Progress (2): 51/189 kB | 42/103 kB
Progress (2): 51/189 kB | 43/103 kB
Progress (2): 52/189 kB | 43/103 kB
Progress (2): 52/189 kB | 45/103 kB
Progress (2): 53/189 kB | 45/103 kB
Progress (2): 53/189 kB | 46/103 kB
Progress (2): 55/189 kB | 46/103 kB
Progress (2): 55/189 kB | 47/103 kB
Progress (2): 55/189 kB | 49/103 kB
Progress (2): 59/189 kB | 49/103 kB
Progress (2): 59/189 kB | 50/103 kB
Progress (2): 59/189 kB | 52/103 kB
Progress (2): 59/189 kB | 53/103 kB
Progress (2): 59/189 kB | 54/103 kB
Progress (2): 59/189 kB | 56/103 kB
Progress (2): 59/189 kB | 57/103 kB
Progress (2): 63/189 kB | 57/103 kB
Progress (2): 67/189 kB | 57/103 kB
Progress (2): 72/189 kB | 57/103 kB
Progress (2): 76/189 kB | 57/103 kB
Progress (2): 80/189 kB | 57/103 kB
Progress (2): 84/189 kB | 57/103 kB
Progress (2): 84/189 kB | 62/103 kB
Progress (2): 89/189 kB | 62/103 kB
Progress (2): 89/189 kB | 66/103 kB
Progress (2): 89/189 kB | 70/103 kB
Progress (2): 89/189 kB | 74/103 kB
Progress (2): 89/189 kB | 78/103 kB
Progress (2): 89/189 kB | 83/103 kB
Progress (2): 93/189 kB | 83/103 kB
Progress (2): 97/189 kB | 83/103 kB
Progress (2): 97/189 kB | 87/103 kB
Progress (2): 97/189 kB | 91/103 kB
Progress (2): 97/189 kB | 95/103 kB
Progress (2): 101/189 kB | 95/103 kB
Progress (2): 101/189 kB | 100/103 kB
Progress (2): 105/189 kB | 100/103 kB
Progress (2): 105/189 kB | 103 kB    
Progress (2): 110/189 kB | 103 kB
Progress (2): 114/189 kB | 103 kB
Progress (2): 118/189 kB | 103 kB
Progress (2): 122/189 kB | 103 kB
                                 
Downloaded from central: https://repo.maven.apache.org/maven2/org/junit/platform/junit-platform-commons/1.9.3/junit-platform-commons-1.9.3.jar (103 kB at 456 kB/s)
Progress (1): 127/189 kB
Progress (1): 131/189 kB
Progress (1): 135/189 kB
Progress (1): 139/189 kB
Progress (1): 143/189 kB
Progress (1): 148/189 kB
Progress (1): 152/189 kB
Progress (1): 156/189 kB
Progress (1): 160/189 kB
Progress (1): 165/189 kB
Progress (1): 169/189 kB
Progress (1): 173/189 kB
Progress (1): 177/189 kB
Progress (1): 181/189 kB
Progress (1): 186/189 kB
Progress (1): 189 kB    
                    
Downloaded from central: https://repo.maven.apache.org/maven2/org/junit/platform/junit-platform-engine/1.9.3/junit-platform-engine-1.9.3.jar (189 kB at 760 kB/s)
Downloading from central: https://repo.maven.apache.org/maven2/org/junit/platform/junit-platform-launcher/1.10.5/junit-platform-launcher-1.10.5.pom
Progress (1): 967 B
Progress (1): 3.0 kB
                    
Downloaded from central: https://repo.maven.apache.org/maven2/org/junit/platform/junit-platform-launcher/1.10.5/junit-platform-launcher-1.10.5.pom (3.0 kB at 47 kB/s)
Downloading from central: https://repo.maven.apache.org/maven2/org/junit/platform/junit-platform-launcher/1.10.5/junit-platform-launcher-1.10.5.jar
Progress (1): 3.8/184 kB
Progress (1): 8.0/184 kB
Progress (1): 12/184 kB 
Progress (1): 16/184 kB
Progress (1): 21/184 kB
Progress (1): 25/184 kB
Progress (1): 29/184 kB
Progress (1): 45/184 kB
Progress (1): 61/184 kB
Progress (1): 78/184 kB
Progress (1): 94/184 kB
Progress (1): 111/184 kB
Progress (1): 127/184 kB
Progress (1): 143/184 kB
Progress (1): 160/184 kB
Progress (1): 176/184 kB
Progress (1): 184 kB    
                    
Downloaded from central: https://repo.maven.apache.org/maven2/org/junit/platform/junit-platform-launcher/1.10.5/junit-platform-launcher-1.10.5.jar (184 kB at 1.8 MB/s)
[INFO] 
[INFO] -------------------------------------------------------
[INFO]  T E S T S
[INFO] -------------------------------------------------------
[INFO] Running com.hyundai.dms.common.ApiResponseTest
[INFO] Tests run: 8, Failures: 0, Errors: 0, Skipped: 0, Time elapsed: 0.114 s -- in com.hyundai.dms.common.ApiResponseTest
[INFO] Running com.hyundai.dms.common.filter.FilterCriteriaTest
[INFO] Tests run: 20, Failures: 0, Errors: 0, Skipped: 0, Time elapsed: 0.082 s -- in com.hyundai.dms.common.filter.FilterCriteriaTest
[INFO] Running com.hyundai.dms.common.filter.SortCriteriaTest
[INFO] Tests run: 12, Failures: 0, Errors: 0, Skipped: 0, Time elapsed: 0.030 s -- in com.hyundai.dms.common.filter.SortCriteriaTest
[INFO] Running com.hyundai.dms.common.PageUtilsTest
[INFO] Tests run: 16, Failures: 0, Errors: 0, Skipped: 0, Time elapsed: 0.041 s -- in com.hyundai.dms.common.PageUtilsTest
[INFO] Running com.hyundai.dms.common.SortValidatorTest
[INFO] Tests run: 11, Failures: 0, Errors: 0, Skipped: 0, Time elapsed: 0.145 s -- in com.hyundai.dms.common.SortValidatorTest
[INFO] Running com.hyundai.dms.DmsApplicationTests
01:11:29.047 [main] INFO org.springframework.test.context.support.AnnotationConfigContextLoaderUtils -- Could not detect default configuration classes for test class [com.hyundai.dms.DmsApplicationTests]: DmsApplicationTests does not declare any static, non-private, non-final, nested classes annotated with @Configuration.
01:11:29.262 [main] INFO org.springframework.boot.test.context.SpringBootTestContextBootstrapper -- Found @SpringBootConfiguration com.hyundai.dms.DmsApplication for test class com.hyundai.dms.DmsApplicationTests

  .   ____          _            __ _ _
 /\\ / ___'_ __ _ _(_)_ __  __ _ \ \ \ \
( ( )\___ | '_ | '_| | '_ \/ _` | \ \ \ \
 \\/  ___)| |_)| | | | | || (_| |  ) ) ) )
  '  |____| .__|_| |_|_| |_\__, | / / / /
 =========|_|==============|___/=/_/_/_/

 :: Spring Boot ::                (v3.3.5)

Hibernate: 
    drop table if exists audit_logs cascade 
Hibernate: 
    drop table if exists bookings cascade 
Hibernate: 
    drop table if exists branches cascade 
Hibernate: 
    drop table if exists codes cascade 
Hibernate: 
    drop table if exists customers cascade 
Hibernate: 
    drop table if exists grn_records cascade 
Hibernate: 
    drop table if exists leads cascade 
Hibernate: 
    drop table if exists menus cascade 
Hibernate: 
    drop table if exists notifications cascade 
Hibernate: 
    drop table if exists payments cascade 
Hibernate: 
    drop table if exists pdi_checklist_items cascade 
Hibernate: 
    drop table if exists pdi_checklists cascade 
Hibernate: 
    drop table if exists permissions cascade 
Hibernate: 
    drop table if exists refresh_tokens cascade 
Hibernate: 
    drop table if exists role_menus cascade 
Hibernate: 
    drop table if exists roles cascade 
Hibernate: 
    drop table if exists service_bookings cascade 
Hibernate: 
    drop table if exists service_records cascade 
Hibernate: 
    drop table if exists stock_transfers cascade 
Hibernate: 
    drop table if exists test_drive_bookings cascade 
Hibernate: 
    drop table if exists test_drive_fleet cascade 
Hibernate: 
    drop table if exists users cascade 
Hibernate: 
    drop table if exists vehicle_accessories cascade 
Hibernate: 
    drop table if exists vehicles cascade 
Hibernate: 
    create table audit_logs (
        entity_id bigint not null,
        id bigint generated by default as identity,
        performed_at timestamp(6) not null,
        performed_by bigint,
        correlation_id varchar(36),
        ip_address varchar(45),
        entity_name varchar(100) not null,
        new_value JSON,
        old_value JSON,
        action enum ('CREATE','DELETE','UPDATE') not null,
        primary key (id)
    )
Hibernate: 
    create table bookings (
        booking_date date not null,
        expected_delivery date,
        token_amount numeric(10,2) not null,
        created_at timestamp(6) not null,
        id bigint generated by default as identity,
        lead_id bigint not null unique,
        updated_at timestamp(6),
        vehicle_id bigint not null,
        created_by varchar(255),
        updated_by varchar(255),
        status enum ('ACTIVE','CANCELLED') not null,
        primary key (id)
    )
Hibernate: 
    create table branches (
        is_active boolean not null,
        created_at timestamp(6) not null,
        id bigint generated by default as identity,
        updated_at timestamp(6),
        gstin varchar(15),
        code varchar(20) not null unique,
        region varchar(50),
        name varchar(100) not null,
        created_by varchar(255),
        updated_by varchar(255),
        primary key (id)
    )
Hibernate: 
    create table codes (
        display_order integer not null,
        created_at timestamp(6) not null,
        id bigint generated by default as identity,
        updated_at timestamp(6),
        category varchar(50) not null,
        code varchar(50) not null,
        label varchar(100) not null,
        created_by varchar(255),
        updated_by varchar(255),
        primary key (id),
        unique (category, code)
    )
Hibernate: 
    create table customers (
        dob date,
        branch_id bigint not null,
        created_at timestamp(6) not null,
        id bigint generated by default as identity,
        updated_at timestamp(6),
        mobile varchar(10) not null unique,
        name varchar(100) not null,
        email varchar(150),
        location varchar(150),
        created_by varchar(255),
        updated_by varchar(255),
        primary key (id)
    )
Hibernate: 
    create table grn_records (
        dispatch_date date,
        received_date date not null,
        branch_id bigint not null,
        created_at timestamp(6) not null,
        id bigint generated by default as identity,
        received_by bigint,
        updated_at timestamp(6),
        vehicle_id bigint not null unique,
        grn_number varchar(20) not null unique,
        transporter_name varchar(100),
        created_by varchar(255),
        remarks TEXT,
        updated_by varchar(255),
        condition_on_arrival enum ('DAMAGED','GOOD','PARTIAL') not null,
        primary key (id)
    )
Hibernate: 
    create table leads (
        assigned_to bigint not null,
        branch_id bigint not null,
        created_at timestamp(6) not null,
        customer_id bigint not null,
        id bigint generated by default as identity,
        updated_at timestamp(6),
        vehicle_id bigint,
        model_interested varchar(100),
        created_by varchar(255),
        lost_reason varchar(255),
        updated_by varchar(255),
        source enum ('CAMP','ONLINE','PHONE','REFERRAL','WALK_IN') not null,
        stage enum ('BOOKING','DELIVERED','DELIVERY_READY','LOST','NEW_LEAD','QUOTATION','TEST_DRIVE') not null,
        primary key (id)
    )
Hibernate: 
    create table menus (
        display_order integer not null,
        is_active boolean not null,
        created_at timestamp(6) not null,
        id bigint generated by default as identity,
        parent_id bigint,
        updated_at timestamp(6),
        icon varchar(50),
        name varchar(100) not null,
        path varchar(200),
        created_by varchar(255),
        updated_by varchar(255),
        primary key (id)
    )
Hibernate: 
    create table notifications (
        is_read boolean not null,
        created_at timestamp(6) not null,
        id bigint generated by default as identity,
        recipient_id bigint not null,
        updated_at timestamp(6),
        module varchar(50),
        title varchar(200) not null,
        deep_link varchar(300),
        created_by varchar(255),
        message TEXT not null,
        updated_by varchar(255),
        priority enum ('CRITICAL','HIGH','LOW','MEDIUM') not null,
        primary key (id)
    )
Hibernate: 
    create table payments (
        amount_paid numeric(12,2) not null,
        payment_date date not null,
        total_price numeric(12,2),
        created_at timestamp(6) not null,
        customer_id bigint not null,
        payment_id bigint generated by default as identity,
        updated_at timestamp(6),
        transaction_id varchar(100),
        created_by varchar(255),
        updated_by varchar(255),
        payment_method enum ('BANK_TRANSFER','CASH','CREDIT_CARD','UPI') not null,
        payment_status enum ('PAID','PARTIAL','PENDING') not null,
        primary key (payment_id)
    )
Hibernate: 
    create table pdi_checklist_items (
        checklist_id bigint not null,
        created_at timestamp(6) not null,
        id bigint generated by default as identity,
        updated_at timestamp(6),
        point_name varchar(100) not null,
        photo_url varchar(500),
        created_by varchar(255),
        remark varchar(255),
        updated_by varchar(255),
        result enum ('FAIL','NA','PASS') not null,
        primary key (id)
    )
Hibernate: 
    create table pdi_checklists (
        completed_at timestamp(6),
        completed_by bigint,
        created_at timestamp(6) not null,
        id bigint generated by default as identity,
        updated_at timestamp(6),
        vehicle_id bigint not null unique,
        created_by varchar(255),
        remarks TEXT,
        updated_by varchar(255),
        overall_status enum ('FAILED','PASSED','PENDING') not null,
        primary key (id)
    )
Hibernate: 
    create table permissions (
        can_create boolean not null,
        can_delete boolean not null,
        can_read boolean not null,
        can_update boolean not null,
        created_at timestamp(6) not null,
        id bigint generated by default as identity,
        role_id bigint not null,
        updated_at timestamp(6),
        module_name varchar(50) not null,
        created_by varchar(255),
        updated_by varchar(255),
        primary key (id),
        unique (role_id, module_name)
    )
Hibernate: 
    create table refresh_tokens (
        revoked boolean not null,
        created_at timestamp(6) not null,
        expires_at timestamp(6) not null,
        id bigint generated by default as identity,
        updated_at timestamp(6),
        user_id bigint not null,
        token varchar(512) not null unique,
        created_by varchar(255),
        updated_by varchar(255),
        primary key (id)
    )
Hibernate: 
    create table role_menus (
        menu_id bigint not null,
        role_id bigint not null,
        primary key (menu_id, role_id)
    )
Hibernate: 
    create table roles (
        created_at timestamp(6) not null,
        id bigint generated by default as identity,
        updated_at timestamp(6),
        created_by varchar(255),
        description varchar(255),
        updated_by varchar(255),
        name enum ('MANAGER_VIEWER','MASTER_USER','SALES_CRM_EXEC','SUPER_ADMIN','WORKSHOP_EXEC') not null unique,
        primary key (id)
    )
Hibernate: 
    create table service_bookings (
        booking_date date not null,
        preferred_service_date date,
        version integer,
        branch_id bigint not null,
        created_at timestamp(6) not null,
        customer_id bigint not null,
        id bigint generated by default as identity,
        updated_at timestamp(6),
        booking_id varchar(50) not null unique,
        complaints TEXT,
        created_by varchar(255),
        updated_by varchar(255),
        service_type enum ('FREE','PAID','REPAIR','WARRANTY') not null,
        status enum ('CANCELLED','COMPLETED','CONFIRMED','NO_SHOW','RESCHEDULED') not null,
        primary key (id)
    )
Hibernate: 
    create table service_records (
        no_of_technicians integer,
        odometer numeric(10,2),
        service_date date not null,
        technician_hours numeric(6,2),
        version integer,
        branch_id bigint not null,
        created_at timestamp(6) not null,
        id bigint generated by default as identity,
        service_booking_id bigint not null unique,
        updated_at timestamp(6),
        created_by varchar(255),
        notes TEXT,
        parts_used TEXT,
        updated_by varchar(255),
        work_performed TEXT,
        payment_status enum ('PAID','PARTIAL','UNPAID') not null,
        status enum ('COMPLETED','IN_PROGRESS','WAITING_FOR_PARTS') not null,
        primary key (id)
    )
Hibernate: 
    create table stock_transfers (
        approval_date timestamp(6),
        approved_by bigint,
        created_at timestamp(6) not null,
        from_branch_id bigint not null,
        id bigint generated by default as identity,
        request_date timestamp(6) not null,
        requested_by bigint not null,
        to_branch_id bigint not null,
        updated_at timestamp(6),
        vehicle_id bigint not null,
        created_by varchar(255),
        remarks TEXT,
        updated_by varchar(255),
        status enum ('APPROVED','COMPLETED','PENDING','REJECTED') not null,
        primary key (id)
    )
Hibernate: 
    create table test_drive_bookings (
        booking_date date not null,
        pickup_required boolean,
        test_drive_date date not null,
        time_slot time(6) not null,
        version integer,
        created_at timestamp(6) not null,
        customer_id bigint not null,
        fleet_id bigint not null,
        id bigint generated by default as identity,
        sales_executive_id bigint,
        updated_at timestamp(6),
        booking_id varchar(50) not null unique,
        license_number varchar(100),
        created_by varchar(255),
        updated_by varchar(255),
        status enum ('BOOKED','CANCELLED','COMPLETED','NO_SHOW','SCHEDULED') not null,
        primary key (id)
    )
Hibernate: 
    create table test_drive_fleet (
        current_odometer integer,
        insurance_expiry date,
        last_service_date date,
        next_service_due date,
        rc_expiry date,
        version integer,
        branch_id bigint not null,
        created_at timestamp(6) not null,
        id bigint generated by default as identity,
        updated_at timestamp(6),
        fleet_id varchar(50) not null unique,
        registration_number varchar(50) not null,
        vin varchar(50) not null unique,
        brand varchar(100) not null,
        model varchar(100) not null,
        variant varchar(100) not null,
        created_by varchar(255),
        updated_by varchar(255),
        fuel_type enum ('CNG','DIESEL','ELECTRIC','HYBRID','PETROL') not null,
        status enum ('ACTIVE','AVAILABLE','BOOKED','MAINTENANCE','RETIRED') not null,
        transmission enum ('AUTOMATIC','MANUAL') not null,
        primary key (id)
    )
Hibernate: 
    create table users (
        failed_login_attempts integer not null,
        force_password_change boolean not null,
        is_active boolean not null,
        branch_id bigint,
        created_at timestamp(6) not null,
        id bigint generated by default as identity,
        locked_at timestamp(6),
        role_id bigint not null,
        updated_at timestamp(6),
        username varchar(50) not null unique,
        email varchar(100) not null unique,
        created_by varchar(255),
        password_hash varchar(255) not null,
        updated_by varchar(255),
        primary key (id)
    )
Hibernate: 
    create table vehicle_accessories (
        cost numeric(10,2) not null,
        created_at timestamp(6) not null,
        fitted_at timestamp(6),
        fitted_by bigint,
        id bigint generated by default as identity,
        updated_at timestamp(6),
        vehicle_id bigint not null,
        name varchar(100) not null,
        created_by varchar(255),
        updated_by varchar(255),
        primary key (id)
    )
Hibernate: 
    create table vehicles (
        age_days integer not null,
        manufactured_date date not null,
        msrp numeric(12,2) not null,
        version integer,
        branch_id bigint not null,
        created_at timestamp(6) not null,
        id bigint generated by default as identity,
        updated_at timestamp(6),
        vin varchar(17) not null unique,
        exterior_colour_code varchar(20),
        interior_colour_code varchar(20),
        key_number varchar(20),
        chassis_number varchar(30),
        engine_number varchar(30),
        brand varchar(50) not null,
        colour varchar(50),
        model varchar(100) not null,
        variant varchar(100) not null,
        created_by varchar(255),
        updated_by varchar(255),
        fuel_type enum ('DIESEL','ELECTRIC','HYBRID','PETROL') not null,
        status enum ('AVAILABLE','BOOKED','GRN_RECEIVED','HOLD','INVOICED','IN_TRANSIT','PDI_DONE','PDI_PENDING','TRANSFERRED') not null,
        transmission enum ('AUTOMATIC','MANUAL') not null,
        primary key (id)
    )
Hibernate: 
    create index idx_audit_logs_performed_at 
       on audit_logs (performed_at)
Hibernate: 
    create index idx_booking_lead 
       on bookings (lead_id)
Hibernate: 
    create index idx_booking_vehicle 
       on bookings (vehicle_id)
Hibernate: 
    create index idx_booking_status 
       on bookings (status)
Hibernate: 
    create index idx_customer_mobile 
       on customers (mobile)
Hibernate: 
    create index idx_customer_branch 
       on customers (branch_id)
Hibernate: 
    create index idx_lead_customer 
       on leads (customer_id)
Hibernate: 
    create index idx_lead_assigned 
       on leads (assigned_to)
Hibernate: 
    create index idx_lead_stage 
       on leads (stage)
Hibernate: 
    create index idx_lead_branch 
       on leads (branch_id)
Hibernate: 
    create index idx_notification_recipient_read 
       on notifications (recipient_id, is_read)
Hibernate: 
    create index idx_notification_created 
       on notifications (created_at)
Hibernate: 
    create index idx_payment_customer 
       on payments (customer_id)
Hibernate: 
    create index idx_payment_status 
       on payments (payment_status)
Hibernate: 
    create index idx_sb_branch 
       on service_bookings (branch_id)
Hibernate: 
    create index idx_sb_customer 
       on service_bookings (customer_id)
Hibernate: 
    create index idx_sb_status 
       on service_bookings (status)
Hibernate: 
    create index idx_sr_branch 
       on service_records (branch_id)
Hibernate: 
    create index idx_sr_status 
       on service_records (status)
Hibernate: 
    create index idx_tdb_customer 
       on test_drive_bookings (customer_id)
Hibernate: 
    create index idx_tdb_fleet 
       on test_drive_bookings (fleet_id)
Hibernate: 
    create index idx_tdb_sales_exec 
       on test_drive_bookings (sales_executive_id)
Hibernate: 
    create index idx_tdb_status 
       on test_drive_bookings (status)
Hibernate: 
    create index idx_test_drive_fleet_branch 
       on test_drive_fleet (branch_id)
Hibernate: 
    create index idx_test_drive_fleet_status 
       on test_drive_fleet (status)
Hibernate: 
    create index idx_users_username 
       on users (username)
Hibernate: 
    create index idx_users_email 
       on users (email)
Hibernate: 
    create index idx_vehicles_vin 
       on vehicles (vin)
Hibernate: 
    create index idx_vehicles_branch_status 
       on vehicles (branch_id, status)
Hibernate: 
    alter table if exists bookings 
       add constraint FKlpe6gqtt9upuwnhcnmvl8dvsb 
       foreign key (lead_id) 
       references leads
Hibernate: 
    alter table if exists bookings 
       add constraint FKc0062bk3bchs55diw805avxq 
       foreign key (vehicle_id) 
       references vehicles
Hibernate: 
    alter table if exists customers 
       add constraint FKod9w7vyxwx64aep8bbj0cg9fw 
       foreign key (branch_id) 
       references branches
Hibernate: 
    alter table if exists grn_records 
       add constraint FKcd8pq04whgkqa08wligjk8rmm 
       foreign key (branch_id) 
       references branches
Hibernate: 
    alter table if exists grn_records 
       add constraint FKb298suowijb4b1ij3qpjjpt1d 
       foreign key (received_by) 
       references users
Hibernate: 
    alter table if exists grn_records 
       add constraint FKaa2gktc3d8d4sijga0nl6kodl 
       foreign key (vehicle_id) 
       references vehicles
Hibernate: 
    alter table if exists leads 
       add constraint FKi6nsikkvpti3igqromfsd87d6 
       foreign key (assigned_to) 
       references users
Hibernate: 
    alter table if exists leads 
       add constraint FKf7io6c142t6qdqu2ufgt5cqdq 
       foreign key (branch_id) 
       references branches
Hibernate: 
    alter table if exists leads 
       add constraint FKtha9i86g8pjibocaxfvy8iysu 
       foreign key (customer_id) 
       references customers
Hibernate: 
    alter table if exists leads 
       add constraint FKmvq5vopaaevji53prl7hs5bv 
       foreign key (vehicle_id) 
       references vehicles
Hibernate: 
    alter table if exists menus 
       add constraint FKcctt24h6nix02cxipt9rbqtnc 
       foreign key (parent_id) 
       references menus
Hibernate: 
    alter table if exists notifications 
       add constraint FKqqnsjxlwleyjbxlmm213jaj3f 
       foreign key (recipient_id) 
       references users
Hibernate: 
    alter table if exists payments 
       add constraint FK45dp0030s8e3myd8n6ky4e79g 
       foreign key (customer_id) 
       references customers
Hibernate: 
    alter table if exists pdi_checklist_items 
       add constraint FKkg1kp0edeq4exsneeuju2vah3 
       foreign key (checklist_id) 
       references pdi_checklists
Hibernate: 
    alter table if exists pdi_checklists 
       add constraint FK8ek2texm6mfheswsj92gg0fn8 
       foreign key (completed_by) 
       references users
Hibernate: 
    alter table if exists pdi_checklists 
       add constraint FKm52hjijoenc9kr0u8pw58e2ye 
       foreign key (vehicle_id) 
       references vehicles
Hibernate: 
    alter table if exists permissions 
       add constraint FKmvliun0ngpho0bltt7j6ycqgc 
       foreign key (role_id) 
       references roles
Hibernate: 
    alter table if exists refresh_tokens 
       add constraint FK1lih5y2npsf8u5o3vhdb9y0os 
       foreign key (user_id) 
       references users
Hibernate: 
    alter table if exists role_menus 
       add constraint FKo7blfgcetl84km46ayoybmkvm 
       foreign key (menu_id) 
       references menus
Hibernate: 
    alter table if exists role_menus 
       add constraint FK8w16n9supii3exa5gnfdey3vu 
       foreign key (role_id) 
       references roles
Hibernate: 
    alter table if exists service_bookings 
       add constraint FK3eo5qkp7qn61x6cu2s2we8dx3 
       foreign key (branch_id) 
       references branches
Hibernate: 
    alter table if exists service_bookings 
       add constraint FKeolutfbp0wxoinif2pjs4pp4u 
       foreign key (customer_id) 
       references customers
Hibernate: 
    alter table if exists service_records 
       add constraint FKr0l8im6nuyopsu7w6ffa6syf1 
       foreign key (branch_id) 
       references branches
Hibernate: 
    alter table if exists service_records 
       add constraint FKl8nlep7q89etgp0v9k9q81fwn 
       foreign key (service_booking_id) 
       references service_bookings
Hibernate: 
    alter table if exists stock_transfers 
       add constraint FKsen1o9c266kvgsm2ucb70m2i0 
       foreign key (approved_by) 
       references users
Hibernate: 
    alter table if exists stock_transfers 
       add constraint FKfl7cgq3gi53g313v51dky6pd5 
       foreign key (from_branch_id) 
       references branches
Hibernate: 
    alter table if exists stock_transfers 
       add constraint FKg37jcqp9txfqtyod96gsvoyv 
       foreign key (requested_by) 
       references users
Hibernate: 
    alter table if exists stock_transfers 
       add constraint FKsqcl96ejd42qe81pqw69wj1vc 
       foreign key (to_branch_id) 
       references branches
Hibernate: 
    alter table if exists stock_transfers 
       add constraint FKs543dokfg4u65tm47y7x4d2u3 
       foreign key (vehicle_id) 
       references vehicles
Hibernate: 
    alter table if exists test_drive_bookings 
       add constraint FK8dcln9xmi9nrwbu5ncw096byn 
       foreign key (customer_id) 
       references customers
Hibernate: 
    alter table if exists test_drive_bookings 
       add constraint FKa7pxe2ncnu4fil73hvrvehsf5 
       foreign key (fleet_id) 
       references test_drive_fleet
Hibernate: 
    alter table if exists test_drive_bookings 
       add constraint FKcllkoapp36culdo58x2tr694d 
       foreign key (sales_executive_id) 
       references users
Hibernate: 
    alter table if exists test_drive_fleet 
       add constraint FKrt2624idfmc638a4x8pht49gv 
       foreign key (branch_id) 
       references branches
Hibernate: 
    alter table if exists users 
       add constraint FK9o70sp9ku40077y38fk4wieyk 
       foreign key (branch_id) 
       references branches
Hibernate: 
    alter table if exists users 
       add constraint FKp56c1712k691lhsyewcssf40f 
       foreign key (role_id) 
       references roles
Hibernate: 
    alter table if exists vehicle_accessories 
       add constraint FK8ld76civ90o9nar0dw3byiumj 
       foreign key (fitted_by) 
       references users
Hibernate: 
    alter table if exists vehicle_accessories 
       add constraint FKk85jbj7luk329g17frio7gwrn 
       foreign key (vehicle_id) 
       references vehicles
Hibernate: 
    alter table if exists vehicles 
       add constraint FK6ixo0t4ynljk4xep1u9dpfhdv 
       foreign key (branch_id) 
       references branches
[INFO] Tests run: 1, Failures: 0, Errors: 0, Skipped: 0, Time elapsed: 17.07 s -- in com.hyundai.dms.DmsApplicationTests
[INFO] Running com.hyundai.dms.module.inventory.filter.SpecificationBuilderTest
[INFO] Tests run: 8, Failures: 0, Errors: 0, Skipped: 0, Time elapsed: 0.018 s -- in com.hyundai.dms.module.inventory.filter.SpecificationBuilderTest
[INFO] Running com.hyundai.dms.module.inventory.InventoryIntegrationTest

  .   ____          _            __ _ _
 /\\ / ___'_ __ _ _(_)_ __  __ _ \ \ \ \
( ( )\___ | '_ | '_| | '_ \/ _` | \ \ \ \
 \\/  ___)| |_)| | | | | || (_| |  ) ) ) )
  '  |____| .__|_| |_|_| |_\__, | / / / /
 =========|_|==============|___/=/_/_/_/

 :: Spring Boot ::                (v3.3.5)

Hibernate: 
    drop table if exists audit_logs cascade 
Hibernate: 
    drop table if exists bookings cascade 
Hibernate: 
    drop table if exists branches cascade 
Hibernate: 
    drop table if exists codes cascade 
Hibernate: 
    drop table if exists customers cascade 
Hibernate: 
    drop table if exists grn_records cascade 
Hibernate: 
    drop table if exists leads cascade 
Hibernate: 
    drop table if exists menus cascade 
Hibernate: 
    drop table if exists notifications cascade 
Hibernate: 
    drop table if exists payments cascade 
Hibernate: 
    drop table if exists pdi_checklist_items cascade 
Hibernate: 
    drop table if exists pdi_checklists cascade 
Hibernate: 
    drop table if exists permissions cascade 
Hibernate: 
    drop table if exists refresh_tokens cascade 
Hibernate: 
    drop table if exists role_menus cascade 
Hibernate: 
    drop table if exists roles cascade 
Hibernate: 
    drop table if exists service_bookings cascade 
Hibernate: 
    drop table if exists service_records cascade 
Hibernate: 
    drop table if exists stock_transfers cascade 
Hibernate: 
    drop table if exists test_drive_bookings cascade 
Hibernate: 
    drop table if exists test_drive_fleet cascade 
Hibernate: 
    drop table if exists users cascade 
Hibernate: 
    drop table if exists vehicle_accessories cascade 
Hibernate: 
    drop table if exists vehicles cascade 
Hibernate: 
    create table audit_logs (
        entity_id bigint not null,
        id bigint generated by default as identity,
        performed_at timestamp(6) not null,
        performed_by bigint,
        correlation_id varchar(36),
        ip_address varchar(45),
        entity_name varchar(100) not null,
        new_value JSON,
        old_value JSON,
        action enum ('CREATE','DELETE','UPDATE') not null,
        primary key (id)
    )
Hibernate: 
    create table bookings (
        booking_date date not null,
        expected_delivery date,
        token_amount numeric(10,2) not null,
        created_at timestamp(6) not null,
        id bigint generated by default as identity,
        lead_id bigint not null unique,
        updated_at timestamp(6),
        vehicle_id bigint not null,
        created_by varchar(255),
        updated_by varchar(255),
        status enum ('ACTIVE','CANCELLED') not null,
        primary key (id)
    )
Hibernate: 
    create table branches (
        is_active boolean not null,
        created_at timestamp(6) not null,
        id bigint generated by default as identity,
        updated_at timestamp(6),
        gstin varchar(15),
        code varchar(20) not null unique,
        region varchar(50),
        name varchar(100) not null,
        created_by varchar(255),
        updated_by varchar(255),
        primary key (id)
    )
Hibernate: 
    create table codes (
        display_order integer not null,
        created_at timestamp(6) not null,
        id bigint generated by default as identity,
        updated_at timestamp(6),
        category varchar(50) not null,
        code varchar(50) not null,
        label varchar(100) not null,
        created_by varchar(255),
        updated_by varchar(255),
        primary key (id),
        unique (category, code)
    )
Hibernate: 
    create table customers (
        dob date,
        branch_id bigint not null,
        created_at timestamp(6) not null,
        id bigint generated by default as identity,
        updated_at timestamp(6),
        mobile varchar(10) not null unique,
        name varchar(100) not null,
        email varchar(150),
        location varchar(150),
        created_by varchar(255),
        updated_by varchar(255),
        primary key (id)
    )
Hibernate: 
    create table grn_records (
        dispatch_date date,
        received_date date not null,
        branch_id bigint not null,
        created_at timestamp(6) not null,
        id bigint generated by default as identity,
        received_by bigint,
        updated_at timestamp(6),
        vehicle_id bigint not null unique,
        grn_number varchar(20) not null unique,
        transporter_name varchar(100),
        created_by varchar(255),
        remarks TEXT,
        updated_by varchar(255),
        condition_on_arrival enum ('DAMAGED','GOOD','PARTIAL') not null,
        primary key (id)
    )
Hibernate: 
    create table leads (
        assigned_to bigint not null,
        branch_id bigint not null,
        created_at timestamp(6) not null,
        customer_id bigint not null,
        id bigint generated by default as identity,
        updated_at timestamp(6),
        vehicle_id bigint,
        model_interested varchar(100),
        created_by varchar(255),
        lost_reason varchar(255),
        updated_by varchar(255),
        source enum ('CAMP','ONLINE','PHONE','REFERRAL','WALK_IN') not null,
        stage enum ('BOOKING','DELIVERED','DELIVERY_READY','LOST','NEW_LEAD','QUOTATION','TEST_DRIVE') not null,
        primary key (id)
    )
Hibernate: 
    create table menus (
        display_order integer not null,
        is_active boolean not null,
        created_at timestamp(6) not null,
        id bigint generated by default as identity,
        parent_id bigint,
        updated_at timestamp(6),
        icon varchar(50),
        name varchar(100) not null,
        path varchar(200),
        created_by varchar(255),
        updated_by varchar(255),
        primary key (id)
    )
Hibernate: 
    create table notifications (
        is_read boolean not null,
        created_at timestamp(6) not null,
        id bigint generated by default as identity,
        recipient_id bigint not null,
        updated_at timestamp(6),
        module varchar(50),
        title varchar(200) not null,
        deep_link varchar(300),
        created_by varchar(255),
        message TEXT not null,
        updated_by varchar(255),
        priority enum ('CRITICAL','HIGH','LOW','MEDIUM') not null,
        primary key (id)
    )
Hibernate: 
    create table payments (
        amount_paid numeric(12,2) not null,
        payment_date date not null,
        total_price numeric(12,2),
        created_at timestamp(6) not null,
        customer_id bigint not null,
        payment_id bigint generated by default as identity,
        updated_at timestamp(6),
        transaction_id varchar(100),
        created_by varchar(255),
        updated_by varchar(255),
        payment_method enum ('BANK_TRANSFER','CASH','CREDIT_CARD','UPI') not null,
        payment_status enum ('PAID','PARTIAL','PENDING') not null,
        primary key (payment_id)
    )
Hibernate: 
    create table pdi_checklist_items (
        checklist_id bigint not null,
        created_at timestamp(6) not null,
        id bigint generated by default as identity,
        updated_at timestamp(6),
        point_name varchar(100) not null,
        photo_url varchar(500),
        created_by varchar(255),
        remark varchar(255),
        updated_by varchar(255),
        result enum ('FAIL','NA','PASS') not null,
        primary key (id)
    )
Hibernate: 
    create table pdi_checklists (
        completed_at timestamp(6),
        completed_by bigint,
        created_at timestamp(6) not null,
        id bigint generated by default as identity,
        updated_at timestamp(6),
        vehicle_id bigint not null unique,
        created_by varchar(255),
        remarks TEXT,
        updated_by varchar(255),
        overall_status enum ('FAILED','PASSED','PENDING') not null,
        primary key (id)
    )
Hibernate: 
    create table permissions (
        can_create boolean not null,
        can_delete boolean not null,
        can_read boolean not null,
        can_update boolean not null,
        created_at timestamp(6) not null,
        id bigint generated by default as identity,
        role_id bigint not null,
        updated_at timestamp(6),
        module_name varchar(50) not null,
        created_by varchar(255),
        updated_by varchar(255),
        primary key (id),
        unique (role_id, module_name)
    )
Hibernate: 
    create table refresh_tokens (
        revoked boolean not null,
        created_at timestamp(6) not null,
        expires_at timestamp(6) not null,
        id bigint generated by default as identity,
        updated_at timestamp(6),
        user_id bigint not null,
        token varchar(512) not null unique,
        created_by varchar(255),
        updated_by varchar(255),
        primary key (id)
    )
Hibernate: 
    create table role_menus (
        menu_id bigint not null,
        role_id bigint not null,
        primary key (menu_id, role_id)
    )
Hibernate: 
    create table roles (
        created_at timestamp(6) not null,
        id bigint generated by default as identity,
        updated_at timestamp(6),
        created_by varchar(255),
        description varchar(255),
        updated_by varchar(255),
        name enum ('MANAGER_VIEWER','MASTER_USER','SALES_CRM_EXEC','SUPER_ADMIN','WORKSHOP_EXEC') not null unique,
        primary key (id)
    )
Hibernate: 
    create table service_bookings (
        booking_date date not null,
        preferred_service_date date,
        version integer,
        branch_id bigint not null,
        created_at timestamp(6) not null,
        customer_id bigint not null,
        id bigint generated by default as identity,
        updated_at timestamp(6),
        booking_id varchar(50) not null unique,
        complaints TEXT,
        created_by varchar(255),
        updated_by varchar(255),
        service_type enum ('FREE','PAID','REPAIR','WARRANTY') not null,
        status enum ('CANCELLED','COMPLETED','CONFIRMED','NO_SHOW','RESCHEDULED') not null,
        primary key (id)
    )
Hibernate: 
    create table service_records (
        no_of_technicians integer,
        odometer numeric(10,2),
        service_date date not null,
        technician_hours numeric(6,2),
        version integer,
        branch_id bigint not null,
        created_at timestamp(6) not null,
        id bigint generated by default as identity,
        service_booking_id bigint not null unique,
        updated_at timestamp(6),
        created_by varchar(255),
        notes TEXT,
        parts_used TEXT,
        updated_by varchar(255),
        work_performed TEXT,
        payment_status enum ('PAID','PARTIAL','UNPAID') not null,
        status enum ('COMPLETED','IN_PROGRESS','WAITING_FOR_PARTS') not null,
        primary key (id)
    )
Hibernate: 
    create table stock_transfers (
        approval_date timestamp(6),
        approved_by bigint,
        created_at timestamp(6) not null,
        from_branch_id bigint not null,
        id bigint generated by default as identity,
        request_date timestamp(6) not null,
        requested_by bigint not null,
        to_branch_id bigint not null,
        updated_at timestamp(6),
        vehicle_id bigint not null,
        created_by varchar(255),
        remarks TEXT,
        updated_by varchar(255),
        status enum ('APPROVED','COMPLETED','PENDING','REJECTED') not null,
        primary key (id)
    )
Hibernate: 
    create table test_drive_bookings (
        booking_date date not null,
        pickup_required boolean,
        test_drive_date date not null,
        time_slot time(6) not null,
        version integer,
        created_at timestamp(6) not null,
        customer_id bigint not null,
        fleet_id bigint not null,
        id bigint generated by default as identity,
        sales_executive_id bigint,
        updated_at timestamp(6),
        booking_id varchar(50) not null unique,
        license_number varchar(100),
        created_by varchar(255),
        updated_by varchar(255),
        status enum ('BOOKED','CANCELLED','COMPLETED','NO_SHOW','SCHEDULED') not null,
        primary key (id)
    )
Hibernate: 
    create table test_drive_fleet (
        current_odometer integer,
        insurance_expiry date,
        last_service_date date,
        next_service_due date,
        rc_expiry date,
        version integer,
        branch_id bigint not null,
        created_at timestamp(6) not null,
        id bigint generated by default as identity,
        updated_at timestamp(6),
        fleet_id varchar(50) not null unique,
        registration_number varchar(50) not null,
        vin varchar(50) not null unique,
        brand varchar(100) not null,
        model varchar(100) not null,
        variant varchar(100) not null,
        created_by varchar(255),
        updated_by varchar(255),
        fuel_type enum ('CNG','DIESEL','ELECTRIC','HYBRID','PETROL') not null,
        status enum ('ACTIVE','AVAILABLE','BOOKED','MAINTENANCE','RETIRED') not null,
        transmission enum ('AUTOMATIC','MANUAL') not null,
        primary key (id)
    )
Hibernate: 
    create table users (
        failed_login_attempts integer not null,
        force_password_change boolean not null,
        is_active boolean not null,
        branch_id bigint,
        created_at timestamp(6) not null,
        id bigint generated by default as identity,
        locked_at timestamp(6),
        role_id bigint not null,
        updated_at timestamp(6),
        username varchar(50) not null unique,
        email varchar(100) not null unique,
        created_by varchar(255),
        password_hash varchar(255) not null,
        updated_by varchar(255),
        primary key (id)
    )
Hibernate: 
    create table vehicle_accessories (
        cost numeric(10,2) not null,
        created_at timestamp(6) not null,
        fitted_at timestamp(6),
        fitted_by bigint,
        id bigint generated by default as identity,
        updated_at timestamp(6),
        vehicle_id bigint not null,
        name varchar(100) not null,
        created_by varchar(255),
        updated_by varchar(255),
        primary key (id)
    )
Hibernate: 
    create table vehicles (
        age_days integer not null,
        manufactured_date date not null,
        msrp numeric(12,2) not null,
        version integer,
        branch_id bigint not null,
        created_at timestamp(6) not null,
        id bigint generated by default as identity,
        updated_at timestamp(6),
        vin varchar(17) not null unique,
        exterior_colour_code varchar(20),
        interior_colour_code varchar(20),
        key_number varchar(20),
        chassis_number varchar(30),
        engine_number varchar(30),
        brand varchar(50) not null,
        colour varchar(50),
        model varchar(100) not null,
        variant varchar(100) not null,
        created_by varchar(255),
        updated_by varchar(255),
        fuel_type enum ('DIESEL','ELECTRIC','HYBRID','PETROL') not null,
        status enum ('AVAILABLE','BOOKED','GRN_RECEIVED','HOLD','INVOICED','IN_TRANSIT','PDI_DONE','PDI_PENDING','TRANSFERRED') not null,
        transmission enum ('AUTOMATIC','MANUAL') not null,
        primary key (id)
    )
Hibernate: 
    create index idx_audit_logs_performed_at 
       on audit_logs (performed_at)
Hibernate: 
    create index idx_booking_lead 
       on bookings (lead_id)
Hibernate: 
    create index idx_booking_vehicle 
       on bookings (vehicle_id)
Hibernate: 
    create index idx_booking_status 
       on bookings (status)
Hibernate: 
    create index idx_customer_mobile 
       on customers (mobile)
Hibernate: 
    create index idx_customer_branch 
       on customers (branch_id)
Hibernate: 
    create index idx_lead_customer 
       on leads (customer_id)
Hibernate: 
    create index idx_lead_assigned 
       on leads (assigned_to)
Hibernate: 
    create index idx_lead_stage 
       on leads (stage)
Hibernate: 
    create index idx_lead_branch 
       on leads (branch_id)
Hibernate: 
    create index idx_notification_recipient_read 
       on notifications (recipient_id, is_read)
Hibernate: 
    create index idx_notification_created 
       on notifications (created_at)
Hibernate: 
    create index idx_payment_customer 
       on payments (customer_id)
Hibernate: 
    create index idx_payment_status 
       on payments (payment_status)
Hibernate: 
    create index idx_sb_branch 
       on service_bookings (branch_id)
Hibernate: 
    create index idx_sb_customer 
       on service_bookings (customer_id)
Hibernate: 
    create index idx_sb_status 
       on service_bookings (status)
Hibernate: 
    create index idx_sr_branch 
       on service_records (branch_id)
Hibernate: 
    create index idx_sr_status 
       on service_records (status)
Hibernate: 
    create index idx_tdb_customer 
       on test_drive_bookings (customer_id)
Hibernate: 
    create index idx_tdb_fleet 
       on test_drive_bookings (fleet_id)
Hibernate: 
    create index idx_tdb_sales_exec 
       on test_drive_bookings (sales_executive_id)
Hibernate: 
    create index idx_tdb_status 
       on test_drive_bookings (status)
Hibernate: 
    create index idx_test_drive_fleet_branch 
       on test_drive_fleet (branch_id)
Hibernate: 
    create index idx_test_drive_fleet_status 
       on test_drive_fleet (status)
Hibernate: 
    create index idx_users_username 
       on users (username)
Hibernate: 
    create index idx_users_email 
       on users (email)
Hibernate: 
    create index idx_vehicles_vin 
       on vehicles (vin)
Hibernate: 
    create index idx_vehicles_branch_status 
       on vehicles (branch_id, status)
Hibernate: 
    alter table if exists bookings 
       add constraint FKlpe6gqtt9upuwnhcnmvl8dvsb 
       foreign key (lead_id) 
       references leads
Hibernate: 
    alter table if exists bookings 
       add constraint FKc0062bk3bchs55diw805avxq 
       foreign key (vehicle_id) 
       references vehicles
Hibernate: 
    alter table if exists customers 
       add constraint FKod9w7vyxwx64aep8bbj0cg9fw 
       foreign key (branch_id) 
       references branches
Hibernate: 
    alter table if exists grn_records 
       add constraint FKcd8pq04whgkqa08wligjk8rmm 
       foreign key (branch_id) 
       references branches
Hibernate: 
    alter table if exists grn_records 
       add constraint FKb298suowijb4b1ij3qpjjpt1d 
       foreign key (received_by) 
       references users
Hibernate: 
    alter table if exists grn_records 
       add constraint FKaa2gktc3d8d4sijga0nl6kodl 
       foreign key (vehicle_id) 
       references vehicles
Hibernate: 
    alter table if exists leads 
       add constraint FKi6nsikkvpti3igqromfsd87d6 
       foreign key (assigned_to) 
       references users
Hibernate: 
    alter table if exists leads 
       add constraint FKf7io6c142t6qdqu2ufgt5cqdq 
       foreign key (branch_id) 
       references branches
Hibernate: 
    alter table if exists leads 
       add constraint FKtha9i86g8pjibocaxfvy8iysu 
       foreign key (customer_id) 
       references customers
Hibernate: 
    alter table if exists leads 
       add constraint FKmvq5vopaaevji53prl7hs5bv 
       foreign key (vehicle_id) 
       references vehicles
Hibernate: 
    alter table if exists menus 
       add constraint FKcctt24h6nix02cxipt9rbqtnc 
       foreign key (parent_id) 
       references menus
Hibernate: 
    alter table if exists notifications 
       add constraint FKqqnsjxlwleyjbxlmm213jaj3f 
       foreign key (recipient_id) 
       references users
Hibernate: 
    alter table if exists payments 
       add constraint FK45dp0030s8e3myd8n6ky4e79g 
       foreign key (customer_id) 
       references customers
Hibernate: 
    alter table if exists pdi_checklist_items 
       add constraint FKkg1kp0edeq4exsneeuju2vah3 
       foreign key (checklist_id) 
       references pdi_checklists
Hibernate: 
    alter table if exists pdi_checklists 
       add constraint FK8ek2texm6mfheswsj92gg0fn8 
       foreign key (completed_by) 
       references users
Hibernate: 
    alter table if exists pdi_checklists 
       add constraint FKm52hjijoenc9kr0u8pw58e2ye 
       foreign key (vehicle_id) 
       references vehicles
Hibernate: 
    alter table if exists permissions 
       add constraint FKmvliun0ngpho0bltt7j6ycqgc 
       foreign key (role_id) 
       references roles
Hibernate: 
    alter table if exists refresh_tokens 
       add constraint FK1lih5y2npsf8u5o3vhdb9y0os 
       foreign key (user_id) 
       references users
Hibernate: 
    alter table if exists role_menus 
       add constraint FKo7blfgcetl84km46ayoybmkvm 
       foreign key (menu_id) 
       references menus
Hibernate: 
    alter table if exists role_menus 
       add constraint FK8w16n9supii3exa5gnfdey3vu 
       foreign key (role_id) 
       references roles
Hibernate: 
    alter table if exists service_bookings 
       add constraint FK3eo5qkp7qn61x6cu2s2we8dx3 
       foreign key (branch_id) 
       references branches
Hibernate: 
    alter table if exists service_bookings 
       add constraint FKeolutfbp0wxoinif2pjs4pp4u 
       foreign key (customer_id) 
       references customers
Hibernate: 
    alter table if exists service_records 
       add constraint FKr0l8im6nuyopsu7w6ffa6syf1 
       foreign key (branch_id) 
       references branches
Hibernate: 
    alter table if exists service_records 
       add constraint FKl8nlep7q89etgp0v9k9q81fwn 
       foreign key (service_booking_id) 
       references service_bookings
Hibernate: 
    alter table if exists stock_transfers 
       add constraint FKsen1o9c266kvgsm2ucb70m2i0 
       foreign key (approved_by) 
       references users
Hibernate: 
    alter table if exists stock_transfers 
       add constraint FKfl7cgq3gi53g313v51dky6pd5 
       foreign key (from_branch_id) 
       references branches
Hibernate: 
    alter table if exists stock_transfers 
       add constraint FKg37jcqp9txfqtyod96gsvoyv 
       foreign key (requested_by) 
       references users
Hibernate: 
    alter table if exists stock_transfers 
       add constraint FKsqcl96ejd42qe81pqw69wj1vc 
       foreign key (to_branch_id) 
       references branches
Hibernate: 
    alter table if exists stock_transfers 
       add constraint FKs543dokfg4u65tm47y7x4d2u3 
       foreign key (vehicle_id) 
       references vehicles
Hibernate: 
    alter table if exists test_drive_bookings 
       add constraint FK8dcln9xmi9nrwbu5ncw096byn 
       foreign key (customer_id) 
       references customers
Hibernate: 
    alter table if exists test_drive_bookings 
       add constraint FKa7pxe2ncnu4fil73hvrvehsf5 
       foreign key (fleet_id) 
       references test_drive_fleet
Hibernate: 
    alter table if exists test_drive_bookings 
       add constraint FKcllkoapp36culdo58x2tr694d 
       foreign key (sales_executive_id) 
       references users
Hibernate: 
    alter table if exists test_drive_fleet 
       add constraint FKrt2624idfmc638a4x8pht49gv 
       foreign key (branch_id) 
       references branches
Hibernate: 
    alter table if exists users 
       add constraint FK9o70sp9ku40077y38fk4wieyk 
       foreign key (branch_id) 
       references branches
Hibernate: 
    alter table if exists users 
       add constraint FKp56c1712k691lhsyewcssf40f 
       foreign key (role_id) 
       references roles
Hibernate: 
    alter table if exists vehicle_accessories 
       add constraint FK8ld76civ90o9nar0dw3byiumj 
       foreign key (fitted_by) 
       references users
Hibernate: 
    alter table if exists vehicle_accessories 
       add constraint FKk85jbj7luk329g17frio7gwrn 
       foreign key (vehicle_id) 
       references vehicles
Hibernate: 
    alter table if exists vehicles 
       add constraint FK6ixo0t4ynljk4xep1u9dpfhdv 
       foreign key (branch_id) 
       references branches

MockHttpServletRequest:
      HTTP Method = POST
      Request URI = /api/inventory/vehicles
       Parameters = {}
          Headers = [Content-Type:"application/json;charset=UTF-8", Content-Length:"272"]
             Body = {
    "vin": "MALHC51RXMM000099",
    "brand": "Hyundai",
    "model": "Creta",
    "variant": "SX(O) Turbo",
    "colour": "Phantom Black",
    "fuelType": "DIESEL",
    "transmission": "AUTOMATIC",
    "yearOfManufacture": 2024,
    "msrp": 1850000,
    "branchId": 1
}

    Session Attrs = {}

Handler:
             Type = com.hyundai.dms.module.inventory.controller.VehicleController
           Method = com.hyundai.dms.module.inventory.controller.VehicleController#createVehicle(CreateVehicleRequest)

Async:
    Async started = false
     Async result = null

Resolved Exception:
             Type = org.springframework.web.bind.MethodArgumentNotValidException

ModelAndView:
        View name = null
             View = null
            Model = null

FlashMap:
       Attributes = null

MockHttpServletResponse:
           Status = 400
    Error message = null
          Headers = [Vary:"Origin", "Access-Control-Request-Method", "Access-Control-Request-Headers", Content-Security-Policy:"default-src 'self'; script-src 'self'; style-src 'self' 'unsafe-inline'; img-src 'self' data:; font-src 'self'; connect-src 'self' ws://localhost:* wss://localhost:*; frame-ancestors 'none';", X-Frame-Options:"DENY", X-Content-Type-Options:"nosniff", X-XSS-Protection:"1; mode=block", Referrer-Policy:"strict-origin-when-cross-origin", X-Correlation-ID:"7b2da8a7-ffa1-45a6-9bea-133ed9280fcd", Content-Type:"application/json", Content-Length:"340", Cache-Control:"no-cache, no-store, max-age=0, must-revalidate", Pragma:"no-cache", Expires:"0"]
     Content type = application/json
             Body = {"success":false,"error":{"timestamp":"2026-03-29T01:11:50.4541923","status":400,"errorCode":"VALIDATION_ERROR","message":"Validation failed","path":"/api/inventory/vehicles","correlationId":"7b2da8a7-ffa1-45a6-9bea-133ed9280fcd","fieldErrors":{"manufacturedDate":"Manufactured date is required"}},"timestamp":"2026-03-29T01:11:50.4551936"}
    Forwarded URL = null
   Redirected URL = null
          Cookies = []
Hibernate: 
    select
        v1_0.status,
        count(v1_0.id) 
    from
        vehicles v1_0 
    group by
        v1_0.status
Hibernate: 
    select
        case 
            when v1_0.age_days between 0 and 30 
                then '0-30' 
            when v1_0.age_days between 31 and 60 
                then '31-60' 
            when v1_0.age_days between 61 and 90 
                then '61-90' 
            else '90+' 
    end,
    count(v1_0.id) 
from
    vehicles v1_0 
where
    v1_0.status not in ('INVOICED', 'TRANSFERRED') 
group by
    case 
        when v1_0.age_days between 0 and 30 
            then '0-30' 
        when v1_0.age_days between 31 and 60 
            then '31-60' 
        when v1_0.age_days between 61 and 90 
            then '61-90' 
        else '90+' 
end
Hibernate: 
    select
        b1_0.id,
        b1_0.code,
        b1_0.created_at,
        b1_0.created_by,
        b1_0.gstin,
        b1_0.is_active,
        b1_0.name,
        b1_0.region,
        b1_0.updated_at,
        b1_0.updated_by 
    from
        branches b1_0
Hibernate: 
    select
        v1_0.status,
        count(v1_0.id) 
    from
        vehicles v1_0 
    where
        v1_0.branch_id=? 
    group by
        v1_0.status
[ERROR] Tests run: 4, Failures: 1, Errors: 0, Skipped: 0, Time elapsed: 4.823 s <<< FAILURE! -- in com.hyundai.dms.module.inventory.InventoryIntegrationTest
[ERROR] com.hyundai.dms.module.inventory.InventoryIntegrationTest.createVehicle -- Time elapsed: 0.325 s <<< FAILURE!
java.lang.AssertionError: Status expected:<201> but was:<400>
	at org.springframework.test.util.AssertionErrors.fail(AssertionErrors.java:59)
	at org.springframework.test.util.AssertionErrors.assertEquals(AssertionErrors.java:122)
	at org.springframework.test.web.servlet.result.StatusResultMatchers.lambda$matcher$9(StatusResultMatchers.java:637)
	at org.springframework.test.web.servlet.MockMvc$1.andExpect(MockMvc.java:214)
	at com.hyundai.dms.module.inventory.InventoryIntegrationTest.createVehicle(InventoryIntegrationTest.java:66)
	at java.base/java.lang.reflect.Method.invoke(Method.java:580)
	at java.base/java.util.ArrayList.forEach(ArrayList.java:1596)
	at java.base/java.util.ArrayList.forEach(ArrayList.java:1596)

[INFO] Running com.hyundai.dms.module.inventory.service.VehicleServiceTest
[INFO] Tests run: 3, Failures: 0, Errors: 0, Skipped: 0, Time elapsed: 0.987 s -- in com.hyundai.dms.module.inventory.service.VehicleServiceTest
[INFO] Running com.hyundai.dms.module.inventory.validator.StockStatusTransitionValidatorTest
[INFO] Tests run: 19, Failures: 0, Errors: 0, Skipped: 0, Time elapsed: 0.070 s -- in com.hyundai.dms.module.inventory.validator.StockStatusTransitionValidatorTest
[INFO] Running com.hyundai.dms.security.CustomUserDetailsTest
[INFO] Tests run: 17, Failures: 0, Errors: 0, Skipped: 0, Time elapsed: 0.040 s -- in com.hyundai.dms.security.CustomUserDetailsTest
[INFO] Running com.hyundai.dms.security.JwtUtilTest
[INFO] Tests run: 15, Failures: 0, Errors: 0, Skipped: 0, Time elapsed: 0.269 s -- in com.hyundai.dms.security.JwtUtilTest
[INFO] 
[INFO] Results:
[INFO] 
[ERROR] Failures: 
[ERROR]   InventoryIntegrationTest.createVehicle:66 Status expected:<201> but was:<400>
[INFO] 
[ERROR] Tests run: 134, Failures: 1, Errors: 0, Skipped: 0
[INFO] 
[INFO] ------------------------------------------------------------------------
[INFO] BUILD FAILURE
[INFO] ------------------------------------------------------------------------
[INFO] Total time:  30.444 s
[INFO] Finished at: 2026-03-29T01:11:52+05:30
[INFO] ------------------------------------------------------------------------
[ERROR] Failed to execute goal org.apache.maven.plugins:maven-surefire-plugin:3.2.5:test (default-test) on project dms: There are test failures.
[ERROR] 
[ERROR] Please refer to C:\Users\Lenovo\Desktop\comprehensive-inventory-management-main\backend\target\surefire-reports for the individual test results.
[ERROR] Please refer to dump files (if any exist) [date].dump, [date]-jvmRun[N].dump and [date].dumpstream.
[ERROR] -> [Help 1]
[ERROR] 
[ERROR] To see the full stack trace of the errors, re-run Maven with the -e switch.
[ERROR] Re-run Maven using the -X switch to enable full debug logging.
[ERROR] 
[ERROR] For more information about the errors and possible solutions, please read the following articles:
[ERROR] [Help 1] http://cwiki.apache.org/confluence/display/MAVEN/MojoFailureException
